<html>
<body>
<pre>
<h1>µVision Build Log</h1>
<h2>Tool Versions:</h2>
IDE-Version: ¦ÌVision V5.14.0.0
Copyright (C) 2015 ARM Ltd and ARM Germany GmbH. All rights reserved.
License Information: rayone Rayone, CDU, LIC=W96CX-HL5TX-5BQEB-2HQC5-VVYY4-MT1SM
 
Tool Versions:
Toolchain:       MDK-ARM Professional  Version: 5.14.0.0
Toolchain Path:  E:\MDK5\ARM\ARMCC\Bin
C Compiler:      Armcc.exe V5.05 update 1 (build 106)
Assembler:       Armasm.exe V5.05 update 1 (build 106)
Linker/Locator:  ArmLink.exe V5.05 update 1 (build 106)
Library Manager: ArmAr.exe V5.05 update 1 (build 106)
Hex Converter:   FromElf.exe V5.05 update 1 (build 106)
CPU DLL:         SARMCM3.DLL V5.14.0.0
Dialog DLL:      DCM.DLL V1.13.1.0
Target DLL:      STLink\ST-LINKIII-KEIL_SWO.dll V2.0.14.0_KEIL
Dialog DLL:      TCM.DLL V1.14.4.0
 
<h2>Project:</h2>
H:\SuperFanV3¡¾ÖÕ¼«°æ¡¿V2\SuperFanV3¡¾ÖÕ¼«°æ¡¿\USER\SuperFanV2.uvprojx
Project File Date:  08/12/2018

<h2>Output:</h2>
Build target 'Target 1'
compiling main.c...
main.c(63): warning:  #1-D: last line of file ends without a newline
   
main.c: 1 warning, 0 errors
compiling ds18b20.c...
compiling key.c...
compiling l298n.c...
..\HARDWARE\L298N\l298n.c(6): warning:  #9-D: nested comment is not allowed
  /**************************/
..\HARDWARE\L298N\l298n.c: 1 warning, 0 errors
compiling oled.c...
compiling timer.c...
compiling delay.c...
compiling sys.c...
compiling usart.c...
linking...
Program Size: Code=7390 RO-data=2930 RW-data=20 ZI-data=2660  
FromELF: creating hex file...
"..\OBJ\SuperFanV2.axf" - 0 Error(s), 2 Warning(s).

<h2>Collection of Component include folders:</h2>
  H:\SuperFanV3¡¾ÖÕ¼«°æ¡¿V2\SuperFanV3¡¾ÖÕ¼«°æ¡¿\USER\RTE
  E:\MDK5\ARM\PACK\Keil\STM32F1xx_DFP\1.0.5\Device\Include

<h2>Collection of Component Files used:</h2>
</pre>
</body>
</html>
